#
# A fatal error has been detected by the Java Runtime Environment:
#
#  EXCEPTION_ACCESS_VIOLATION (0xc0000005) at pc=0x00007ffc6228995f, pid=1344, tid=5300
#
# JRE version: OpenJDK Runtime Environment (22.0+36) (build 22+36-2370)
# Java VM: OpenJDK 64-Bit Server VM (22+36-2370, mixed mode, emulated-client, sharing, tiered, compressed oops, compressed class ptrs, g1 gc, windows-amd64)
# Problematic frame:
# V  [jvm.dll+0x33995f]
#
# No core dump will be written. Minidumps are not enabled by default on client versions of Windows
#
# If you would like to submit a bug report, please visit:
#   https://bugreport.java.com/bugreport/crash.jsp
#

---------------  S U M M A R Y ------------

Command Line: -XX:TieredStopAtLevel=1 -Dspring.output.ansi.enabled=always -Dcom.sun.management.jmxremote -Dspring.jmx.enabled=true -Dspring.liveBeansView.mbeanDomain -Dspring.application.admin.enabled=true -Dmanagement.endpoints.jmx.exposure.include=* -javaagent:C:\Users\trist\AppData\Local\Programs\IntelliJ IDEA Ultimate\lib\idea_rt.jar=58944:C:\Users\trist\AppData\Local\Programs\IntelliJ IDEA Ultimate\bin -Dfile.encoding=UTF-8 -Dsun.stdout.encoding=UTF-8 -Dsun.stderr.encoding=UTF-8 com.example.apiformatech.ApiFormatechApplication

Host: Intel(R) Core(TM) i7-9700KF CPU @ 3.60GHz, 8 cores, 15G,  Windows 10 , 64 bit Build 19041 (10.0.19041.4717)
Time: Sun Feb  9 19:03:01 2025 Paris, Madrid elapsed time: 1.028362 seconds (0d 0h 0m 1s)

---------------  T H R E A D  ---------------

Current thread (0x000001c3f251ddf0):  WorkerThread "GC Thread#4"    [id=5300, stack(0x0000000102200000,0x0000000102300000) (1024K)]

Stack: [0x0000000102200000,0x0000000102300000],  sp=0x00000001022ff820,  free space=1022k
Native frames: (J=compiled Java code, j=interpreted, Vv=VM code, C=native code)
V  [jvm.dll+0x33995f]  (no source info available)
V  [jvm.dll+0x35bada]  (no source info available)
V  [jvm.dll+0x3710f9]  (no source info available)
V  [jvm.dll+0x37181a]  (no source info available)
V  [jvm.dll+0x371907]  (no source info available)
V  [jvm.dll+0x3729ab]  (no source info available)
V  [jvm.dll+0x8a4337]  (no source info available)
V  [jvm.dll+0x81d50b]  (no source info available)
V  [jvm.dll+0x6e09e5]  (no source info available)
C  [ucrtbase.dll+0x21bb2]  (no source info available)
C  [KERNEL32.DLL+0x17374]  (no source info available)
C  [ntdll.dll+0x4cc91]  (no source info available)


siginfo: EXCEPTION_ACCESS_VIOLATION (0xc0000005), reading address 0x0000000000000100


Registers:
RAX=0x0000000000000000, RBX=0x0000000000000005, RCX=0x0000000000000000, RDX=0x0000000000000007
RSP=0x00000001022ff820, RBP=0x000001c399833f20, RSI=0x0000000000000003, RDI=0x000001c3976d89b0
R8 =0x0000000000000014, R9 =0x0000000000000002, R10=0x0000000000000028, R11=0x0000000000000010
R12=0x0000000000000010, R13=0x0000000000000018, R14=0x0000000000000000, R15=0x00000001022ff8a0
RIP=0x00007ffc6228995f, EFLAGS=0x0000000000010206


Register to memory mapping:

RAX=0x0 is null
RBX=0x0000000000000005 is an unknown value
RCX=0x0 is null
RDX=0x0000000000000007 is an unknown value
RSP=0x00000001022ff820 points into unknown readable memory: 0x00000001022ff850 | 50 f8 2f 02 01 00 00 00
RBP=0x000001c399833f20 points into unknown readable memory: 0x0000000000000000 | 00 00 00 00 00 00 00 00
RSI=0x0000000000000003 is an unknown value
RDI=0x000001c3976d89b0 points into unknown readable memory: 0x00007ffc6293ff68 | 68 ff 93 62 fc 7f 00 00
R8 =0x0000000000000014 is an unknown value
R9 =0x0000000000000002 is an unknown value
R10=0x0000000000000028 is an unknown value
R11=0x0000000000000010 is an unknown value
R12=0x0000000000000010 is an unknown value
R13=0x0000000000000018 is an unknown value
R14=0x0 is null
R15=0x00000001022ff8a0 points into unknown readable memory: 0x000000070e11cd15 | 15 cd 11 0e 07 00 00 00

Top of Stack: (sp=0x00000001022ff820)
0x00000001022ff820:   00000001022ff850 00007ffc622aaa09
0x00000001022ff830:   0000000000000002 0000000000000000
0x00000001022ff840:   0000000000000002 0000000000000000
0x00000001022ff850:   000001c3f253cc70 0000000000000003
0x00000001022ff860:   000001c3976d89b0 00007ffc622abada
0x00000001022ff870:   000001c3f253cc70 00000001022ff900
0x00000001022ff880:   00000001022ff970 0000000000000003
0x00000001022ff890:   0000000000000003 00007ffc622c10f9
0x00000001022ff8a0:   000000070e11cd15 0000000000000000
0x00000001022ff8b0:   00000001022ff900 00000001022ff970
0x00000001022ff8c0:   0000000100dfee30 00007ffc6262af7f
0x00000001022ff8d0:   0000000000000000 0000000000000000
0x00000001022ff8e0:   000001c3f2000000 00007ffc622b715f
0x00000001022ff8f0:   000001c3f2500cc0 00007ffc62778647
0x00000001022ff900:   000001c3acc61700 000001c3f2500cc0
0x00000001022ff910:   00000000000003d8 000001c3acc61ae8
0x00000001022ff920:   0000000000000003 00007ffc622c181a
0x00000001022ff930:   000001c3f253cc70 0000000000000014
0x00000001022ff940:   0000000100dfee30 000001c399832550
0x00000001022ff950:   0000001200000010 0000000000000003
0x00000001022ff960:   00000000009bc474 00000000d93af70c
0x00000001022ff970:   00007ffc6294a008 3ff056b5b98ad0a9
0x00000001022ff980:   3ee457a5d9420000 000000000000000b
0x00000001022ff990:   000001c39982b350 000001c3f253cc70
0x00000001022ff9a0:   000001c3976d89b0 0000000100dfee60
0x00000001022ff9b0:   0000000000000014 0000000000000000
0x00000001022ff9c0:   0000000000000000 0000000000000000
0x00000001022ff9d0:   000001c3acc61710 00007ffc622c1907
0x00000001022ff9e0:   000001c3f253cc70 0000000000000003
0x00000001022ff9f0:   000001c3f246bfc0 0000000100dfee30
0x00000001022ffa00:   000001c300000016 0000000100000014
0x00000001022ffa10:   0000000100dfee30 00007ffc622c29ab 

Instructions: (pc=0x00007ffc6228995f)
0x00007ffc6228985f:   a7 41 00 00 69 ca ff ff ff 7f 2b c1 85 c0 8d 88
0x00007ffc6228986f:   ff ff ff 7f 0f 4e c1 33 d2 89 85 04 02 00 00 f7
0x00007ffc6228987f:   77 08 44 8b ca 3b d6 74 b8 8b de 66 0f 1f 44 00
0x00007ffc6228988f:   00 3b de 74 05 41 3b d9 75 45 44 8b 85 04 02 00
0x00007ffc6228989f:   00 b8 5f 0b 4e 83 41 f7 e8 41 03 d0 c1 fa 10 8b
0x00007ffc622898af:   c2 c1 e8 1f 03 d0 41 69 c0 a7 41 00 00 69 ca ff
0x00007ffc622898bf:   ff ff 7f 2b c1 85 c0 8d 88 ff ff ff 7f 0f 4e c1
0x00007ffc622898cf:   33 d2 89 85 04 02 00 00 f7 77 08 8b da eb b2 41
0x00007ffc622898df:   8b c1 4c 8d 1c c5 00 00 00 00 48 8b 47 10 49 8b
0x00007ffc622898ef:   0c 03 8b 81 00 01 00 00 44 8b 81 80 00 00 00 44
0x00007ffc622898ff:   2b c0 b8 00 00 00 00 41 81 e0 ff ff 01 00 41 81
0x00007ffc6228990f:   f8 ff ff 01 00 44 0f 44 c0 8b c3 4c 8d 14 c5 00
0x00007ffc6228991f:   00 00 00 48 8b 47 10 49 8b 0c 02 8b 81 00 01 00
0x00007ffc6228992f:   00 8b 91 80 00 00 00 33 c9 2b d0 8b c1 81 e2 ff
0x00007ffc6228993f:   ff 01 00 81 fa ff ff 01 00 0f 44 d1 41 3b d0 76
0x00007ffc6228994f:   0a 48 8b 47 10 49 8b 0c 02 eb 10 45 85 c0 74 18
0x00007ffc6228995f:   48 8b 47 10 41 8b d9 49 8b 0c 03 49 8b d7 e8 2e
0x00007ffc6228996f:   e6 ff ff 83 f8 02 74 05 bb ff ff ff ff 89 9d 00
0x00007ffc6228997f:   02 00 00 eb 14 75 17 8d 46 ff 49 8b d7 83 e0 01
0x00007ffc6228998f:   48 8b 0c c1 e8 08 e6 ff ff 83 f8 02 74 2b 41 ff
0x00007ffc6228999f:   c6 45 3b f4 0f 82 77 fe ff ff 32 c0 48 8b 5c 24
0x00007ffc622899af:   50 48 8b 6c 24 58 48 8b 74 24 60 48 83 c4 20 41
0x00007ffc622899bf:   5f 41 5e 41 5d 41 5c 5f c3 b0 01 eb df cc cc cc
0x00007ffc622899cf:   cc 48 8b 89 50 06 00 00 e9 84 ab 56 00 cc cc cc
0x00007ffc622899df:   cc 48 89 54 24 10 4c 89 44 24 18 4c 89 4c 24 20
0x00007ffc622899ef:   53 48 83 ec 20 48 8b d9 4c 8d 4c 24 40 4c 8b c2
0x00007ffc622899ff:   48 8d 0d ca 8c 8f 00 ba 01 00 00 00 e8 e0 e5 2b
0x00007ffc62289a0f:   00 48 8b c3 48 83 c4 20 5b c3 cc cc cc cc cc cc
0x00007ffc62289a1f:   cc 48 89 5c 24 18 55 57 41 57 48 83 ec 20 48 8b
0x00007ffc62289a2f:   41 18 4c 8b f9 8b 7a 38 48 8d 4a 3c 48 8b da 48
0x00007ffc62289a3f:   8b 80 60 06 00 00 48 8b 2c f8 8b 01 c1 e8 02 48
0x00007ffc62289a4f:   c1 e5 03 a8 01 0f 84 11 01 00 00 8b 42 3c 83 f8 


Stack slot to memory mapping:

stack at sp + 0 slots: 0x00000001022ff850 points into unknown readable memory: 0x000001c3f253cc70 | 70 cc 53 f2 c3 01 00 00
stack at sp + 1 slots: 0x00007ffc622aaa09 jvm.dll
stack at sp + 2 slots: 0x0000000000000002 is an unknown value
stack at sp + 3 slots: 0x0 is null
stack at sp + 4 slots: 0x0000000000000002 is an unknown value
stack at sp + 5 slots: 0x0 is null
stack at sp + 6 slots: 0x000001c3f253cc70 points into unknown readable memory: 0x00007ffc629473f8 | f8 73 94 62 fc 7f 00 00
stack at sp + 7 slots: 0x0000000000000003 is an unknown value


---------------  P R O C E S S  ---------------

Threads class SMR info:
_java_thread_list=0x000001c3f353cad0, length=22, elements={
0x000001c399819c50, 0x000001c3ac70f770, 0x000001c3ac710690, 0x000001c3ac718430,
0x000001c3ac71f260, 0x000001c3ac71deb0, 0x000001c3ac71f8f0, 0x000001c3ac72fbe0,
0x000001c3ac71d820, 0x000001c3ac94f980, 0x000001c3ac956470, 0x000001c3ac956de0,
0x000001c3ac71ff80, 0x000001c3ac71cb00, 0x000001c3ac71e540, 0x000001c3ac71d190,
0x000001c3ac71ebd0, 0x000001c3f247eff0, 0x000001c3f247a130, 0x000001c3f2478d80,
0x000001c3f247ae50, 0x000001c3f2478060
}

Java Threads: ( => current thread )
  0x000001c399819c50 JavaThread "main"                              [_thread_blocked, id=16200, stack(0x0000000100600000,0x0000000100700000) (1024K)]
  0x000001c3ac70f770 JavaThread "Reference Handler"          daemon [_thread_blocked, id=16692, stack(0x0000000100e00000,0x0000000100f00000) (1024K)]
  0x000001c3ac710690 JavaThread "Finalizer"                  daemon [_thread_blocked, id=8632, stack(0x0000000100f00000,0x0000000101000000) (1024K)]
  0x000001c3ac718430 JavaThread "Signal Dispatcher"          daemon [_thread_blocked, id=3688, stack(0x0000000101000000,0x0000000101100000) (1024K)]
  0x000001c3ac71f260 JavaThread "Attach Listener"            daemon [_thread_blocked, id=3604, stack(0x0000000101100000,0x0000000101200000) (1024K)]
  0x000001c3ac71deb0 JavaThread "Service Thread"             daemon [_thread_blocked, id=1280, stack(0x0000000101200000,0x0000000101300000) (1024K)]
  0x000001c3ac71f8f0 JavaThread "Monitor Deflation Thread"   daemon [_thread_blocked, id=4128, stack(0x0000000101300000,0x0000000101400000) (1024K)]
  0x000001c3ac72fbe0 JavaThread "C1 CompilerThread0"         daemon [_thread_blocked, id=16644, stack(0x0000000101400000,0x0000000101500000) (1024K)]
  0x000001c3ac71d820 JavaThread "Common-Cleaner"             daemon [_thread_blocked, id=17996, stack(0x0000000101500000,0x0000000101600000) (1024K)]
  0x000001c3ac94f980 JavaThread "C1 CompilerThread1"         daemon [_thread_blocked, id=5520, stack(0x0000000101600000,0x0000000101700000) (1024K)]
  0x000001c3ac956470 JavaThread "C1 CompilerThread2"         daemon [_thread_blocked, id=13804, stack(0x0000000101700000,0x0000000101800000) (1024K)]
  0x000001c3ac956de0 JavaThread "C1 CompilerThread3"         daemon [_thread_blocked, id=17416, stack(0x0000000101800000,0x0000000101900000) (1024K)]
  0x000001c3ac71ff80 JavaThread "Monitor Ctrl-Break"         daemon [_thread_in_native, id=18316, stack(0x0000000101900000,0x0000000101a00000) (1024K)]
  0x000001c3ac71cb00 JavaThread "Notification Thread"        daemon [_thread_blocked, id=15428, stack(0x0000000101a00000,0x0000000101b00000) (1024K)]
  0x000001c3ac71e540 JavaThread "RMI TCP Accept-0"           daemon [_thread_in_native, id=5224, stack(0x0000000101b00000,0x0000000101c00000) (1024K)]
  0x000001c3ac71d190 JavaThread "RMI TCP Connection(1)-192.168.1.48" daemon [_thread_in_native, id=17184, stack(0x0000000101c00000,0x0000000101d00000) (1024K)]
  0x000001c3ac71ebd0 JavaThread "RMI Scheduler(0)"           daemon [_thread_blocked, id=14256, stack(0x0000000101d00000,0x0000000101e00000) (1024K)]
  0x000001c3f247eff0 JavaThread "JMX server connection timeout 26" daemon [_thread_blocked, id=17428, stack(0x0000000101e00000,0x0000000101f00000) (1024K)]
  0x000001c3f247a130 JavaThread "Thread-0"                          [_thread_blocked, id=17528, stack(0x0000000102600000,0x0000000102700000) (1024K)]
  0x000001c3f2478d80 JavaThread "restartedMain"                     [_thread_blocked, id=18032, stack(0x0000000102700000,0x0000000102800000) (1024K)]
  0x000001c3f247ae50 JavaThread "background-preinit"                [_thread_blocked, id=1516, stack(0x0000000102b00000,0x0000000102c00000) (1024K)]
  0x000001c3f2478060 JavaThread "Thread-3"                          [_thread_blocked, id=16544, stack(0x0000000102c00000,0x0000000102d00000) (1024K)]
Total: 22

Other Threads:
  0x000001c3ac6f4560 VMThread "VM Thread"                           [id=11860, stack(0x0000000100d00000,0x0000000100e00000) (1024K)]
  0x000001c3ac6de110 WatcherThread "VM Periodic Task Thread"        [id=11900, stack(0x0000000100c00000,0x0000000100d00000) (1024K)]
  0x000001c39987d390 WorkerThread "GC Thread#0"                     [id=5632, stack(0x0000000100700000,0x0000000100800000) (1024K)]
  0x000001c3f24fd910 WorkerThread "GC Thread#1"                     [id=10676, stack(0x0000000101f00000,0x0000000102000000) (1024K)]
  0x000001c3f24fdcc0 WorkerThread "GC Thread#2"                     [id=17608, stack(0x0000000102000000,0x0000000102100000) (1024K)]
  0x000001c3f251d5c0 WorkerThread "GC Thread#3"                     [id=17908, stack(0x0000000102100000,0x0000000102200000) (1024K)]
=>0x000001c3f251ddf0 WorkerThread "GC Thread#4"                     [id=5300, stack(0x0000000102200000,0x0000000102300000) (1024K)]
  0x000001c3f25268a0 WorkerThread "GC Thread#5"                     [id=17644, stack(0x0000000102300000,0x0000000102400000) (1024K)]
  0x000001c3f254a0d0 WorkerThread "GC Thread#6"                     [id=18264, stack(0x0000000102400000,0x0000000102500000) (1024K)]
  0x000001c3f254a8f0 WorkerThread "GC Thread#7"                     [id=11140, stack(0x0000000102500000,0x0000000102600000) (1024K)]
  0x000001c3976de8e0 ConcurrentGCThread "G1 Main Marker"            [id=3800, stack(0x0000000100800000,0x0000000100900000) (1024K)]
  0x000001c399890880 WorkerThread "G1 Conc#0"                       [id=15740, stack(0x0000000100900000,0x0000000100a00000) (1024K)]
  0x000001c3998ce420 ConcurrentGCThread "G1 Refine#0"               [id=17832, stack(0x0000000100a00000,0x0000000100b00000) (1024K)]
  0x000001c3ac59e9c0 ConcurrentGCThread "G1 Service"                [id=16520, stack(0x0000000100b00000,0x0000000100c00000) (1024K)]
Total: 14

Threads with active compile tasks:
Total: 0

VM state: at safepoint (normal execution)

VM Mutex/Monitor currently owned by a thread:  ([mutex/lock_event])
[0x00007ffc62bbcbc8] Threads_lock - owner thread: 0x000001c3ac6f4560
[0x00007ffc62bbccc8] Heap_lock - owner thread: 0x000001c3f2478d80

Heap address: 0x0000000701000000, size: 4080 MB, Compressed Oops mode: Zero based, Oop shift amount: 3

CDS archive(s) mapped at: [0x000001c3ad000000-0x000001c3adc50000-0x000001c3adc50000), size 12910592, SharedBaseAddress: 0x000001c3ad000000, ArchiveRelocationMode: 1.
Compressed class space mapped at: 0x000001c3ae000000-0x000001c3ee000000, reserved size: 1073741824
Narrow klass base: 0x000001c3ad000000, Narrow klass shift: 0, Narrow klass range: 0x41000000

GC Precious Log:
 CardTable entry size: 512
 Card Set container configuration: InlinePtr #cards 4 size 8 Array Of Cards #cards 16 size 48 Howl #buckets 8 coarsen threshold 3686 Howl Bitmap #cards 512 size 80 coarsen threshold 460 Card regions per heap region 1 cards per card region 4096
 CPUs: 8 total, 8 available
 Memory: 16318M
 Large Page Support: Disabled
 NUMA Support: Disabled
 Compressed Oops: Enabled (Zero based)
 Heap Region Size: 2M
 Heap Min Capacity: 8M
 Heap Initial Capacity: 256M
 Heap Max Capacity: 4080M
 Pre-touch: Disabled
 Parallel Workers: 8
 Concurrent Workers: 2
 Concurrent Refinement Workers: 8
 Periodic GC: Disabled

Heap:
 garbage-first heap   total reserved 4177920K, committed 262144K, used 49641K [0x0000000701000000, 0x0000000800000000)
  region size 2048K, 23 young (47104K), 3 survivors (6144K)
 Metaspace       used 21154K, committed 21504K, reserved 1114112K
  class space    used 2869K, committed 3008K, reserved 1048576K

Heap Regions: E=young(eden), S=young(survivor), O=old, HS=humongous(starts), HC=humongous(continues), CS=collection set, F=free, TAMS=top-at-mark-start, PB=parsable bottom
|   0|0x0000000701000000, 0x0000000701200000, 0x0000000701200000|100%| O|  |TAMS 0x0000000701200000| PB 0x0000000701000000| Untracked |  0
|   1|0x0000000701200000, 0x0000000701400000, 0x0000000701400000|100%| O|  |TAMS 0x0000000701400000| PB 0x0000000701200000| Untracked |  0
|   2|0x0000000701400000, 0x0000000701600000, 0x0000000701600000|100%| O|  |TAMS 0x0000000701600000| PB 0x0000000701400000| Untracked |  0
|   3|0x0000000701600000, 0x000000070175b7a8, 0x0000000701800000| 67%| O|  |TAMS 0x000000070175b7a8| PB 0x0000000701600000| Untracked |  0
|   4|0x0000000701800000, 0x0000000701800000, 0x0000000701a00000|  0%| F|  |TAMS 0x0000000701800000| PB 0x0000000701800000| Untracked |  0
|   5|0x0000000701a00000, 0x0000000701a00000, 0x0000000701c00000|  0%| F|  |TAMS 0x0000000701a00000| PB 0x0000000701a00000| Untracked |  0
|   6|0x0000000701c00000, 0x0000000701c00000, 0x0000000701e00000|  0%| F|  |TAMS 0x0000000701c00000| PB 0x0000000701c00000| Untracked |  0
|   7|0x0000000701e00000, 0x0000000701e00000, 0x0000000702000000|  0%| F|  |TAMS 0x0000000701e00000| PB 0x0000000701e00000| Untracked |  0
|   8|0x0000000702000000, 0x0000000702000000, 0x0000000702200000|  0%| F|  |TAMS 0x0000000702000000| PB 0x0000000702000000| Untracked |  0
|   9|0x0000000702200000, 0x0000000702200000, 0x0000000702400000|  0%| F|  |TAMS 0x0000000702200000| PB 0x0000000702200000| Untracked |  0
|  10|0x0000000702400000, 0x0000000702400000, 0x0000000702600000|  0%| F|  |TAMS 0x0000000702400000| PB 0x0000000702400000| Untracked |  0
|  11|0x0000000702600000, 0x0000000702600000, 0x0000000702800000|  0%| F|  |TAMS 0x0000000702600000| PB 0x0000000702600000| Untracked |  0
|  12|0x0000000702800000, 0x0000000702800000, 0x0000000702a00000|  0%| F|  |TAMS 0x0000000702800000| PB 0x0000000702800000| Untracked |  0
|  13|0x0000000702a00000, 0x0000000702a00000, 0x0000000702c00000|  0%| F|  |TAMS 0x0000000702a00000| PB 0x0000000702a00000| Untracked |  0
|  14|0x0000000702c00000, 0x0000000702c00000, 0x0000000702e00000|  0%| F|  |TAMS 0x0000000702c00000| PB 0x0000000702c00000| Untracked |  0
|  15|0x0000000702e00000, 0x0000000702e00000, 0x0000000703000000|  0%| F|  |TAMS 0x0000000702e00000| PB 0x0000000702e00000| Untracked |  0
|  16|0x0000000703000000, 0x0000000703000000, 0x0000000703200000|  0%| F|  |TAMS 0x0000000703000000| PB 0x0000000703000000| Untracked |  0
|  17|0x0000000703200000, 0x0000000703200000, 0x0000000703400000|  0%| F|  |TAMS 0x0000000703200000| PB 0x0000000703200000| Untracked |  0
|  18|0x0000000703400000, 0x0000000703400000, 0x0000000703600000|  0%| F|  |TAMS 0x0000000703400000| PB 0x0000000703400000| Untracked |  0
|  19|0x0000000703600000, 0x0000000703600000, 0x0000000703800000|  0%| F|  |TAMS 0x0000000703600000| PB 0x0000000703600000| Untracked |  0
|  20|0x0000000703800000, 0x0000000703800000, 0x0000000703a00000|  0%| F|  |TAMS 0x0000000703800000| PB 0x0000000703800000| Untracked |  0
|  21|0x0000000703a00000, 0x0000000703a00000, 0x0000000703c00000|  0%| F|  |TAMS 0x0000000703a00000| PB 0x0000000703a00000| Untracked |  0
|  22|0x0000000703c00000, 0x0000000703c00000, 0x0000000703e00000|  0%| F|  |TAMS 0x0000000703c00000| PB 0x0000000703c00000| Untracked |  0
|  23|0x0000000703e00000, 0x0000000703e00000, 0x0000000704000000|  0%| F|  |TAMS 0x0000000703e00000| PB 0x0000000703e00000| Untracked |  0
|  24|0x0000000704000000, 0x0000000704000000, 0x0000000704200000|  0%| F|  |TAMS 0x0000000704000000| PB 0x0000000704000000| Untracked |  0
|  25|0x0000000704200000, 0x0000000704200000, 0x0000000704400000|  0%| F|  |TAMS 0x0000000704200000| PB 0x0000000704200000| Untracked |  0
|  26|0x0000000704400000, 0x0000000704400000, 0x0000000704600000|  0%| F|  |TAMS 0x0000000704400000| PB 0x0000000704400000| Untracked |  0
|  27|0x0000000704600000, 0x0000000704600000, 0x0000000704800000|  0%| F|  |TAMS 0x0000000704600000| PB 0x0000000704600000| Untracked |  0
|  28|0x0000000704800000, 0x0000000704800000, 0x0000000704a00000|  0%| F|  |TAMS 0x0000000704800000| PB 0x0000000704800000| Untracked |  0
|  29|0x0000000704a00000, 0x0000000704a00000, 0x0000000704c00000|  0%| F|  |TAMS 0x0000000704a00000| PB 0x0000000704a00000| Untracked |  0
|  30|0x0000000704c00000, 0x0000000704c00000, 0x0000000704e00000|  0%| F|  |TAMS 0x0000000704c00000| PB 0x0000000704c00000| Untracked |  0
|  31|0x0000000704e00000, 0x0000000704e00000, 0x0000000705000000|  0%| F|  |TAMS 0x0000000704e00000| PB 0x0000000704e00000| Untracked |  0
|  32|0x0000000705000000, 0x0000000705000000, 0x0000000705200000|  0%| F|  |TAMS 0x0000000705000000| PB 0x0000000705000000| Untracked |  0
|  33|0x0000000705200000, 0x0000000705200000, 0x0000000705400000|  0%| F|  |TAMS 0x0000000705200000| PB 0x0000000705200000| Untracked |  0
|  34|0x0000000705400000, 0x0000000705400000, 0x0000000705600000|  0%| F|  |TAMS 0x0000000705400000| PB 0x0000000705400000| Untracked |  0
|  35|0x0000000705600000, 0x0000000705600000, 0x0000000705800000|  0%| F|  |TAMS 0x0000000705600000| PB 0x0000000705600000| Untracked |  0
|  36|0x0000000705800000, 0x0000000705800000, 0x0000000705a00000|  0%| F|  |TAMS 0x0000000705800000| PB 0x0000000705800000| Untracked |  0
|  37|0x0000000705a00000, 0x0000000705a00000, 0x0000000705c00000|  0%| F|  |TAMS 0x0000000705a00000| PB 0x0000000705a00000| Untracked |  0
|  38|0x0000000705c00000, 0x0000000705c00000, 0x0000000705e00000|  0%| F|  |TAMS 0x0000000705c00000| PB 0x0000000705c00000| Untracked |  0
|  39|0x0000000705e00000, 0x0000000705e00000, 0x0000000706000000|  0%| F|  |TAMS 0x0000000705e00000| PB 0x0000000705e00000| Untracked |  0
|  40|0x0000000706000000, 0x0000000706000000, 0x0000000706200000|  0%| F|  |TAMS 0x0000000706000000| PB 0x0000000706000000| Untracked |  0
|  41|0x0000000706200000, 0x0000000706200000, 0x0000000706400000|  0%| F|  |TAMS 0x0000000706200000| PB 0x0000000706200000| Untracked |  0
|  42|0x0000000706400000, 0x0000000706400000, 0x0000000706600000|  0%| F|  |TAMS 0x0000000706400000| PB 0x0000000706400000| Untracked |  0
|  43|0x0000000706600000, 0x0000000706600000, 0x0000000706800000|  0%| F|  |TAMS 0x0000000706600000| PB 0x0000000706600000| Untracked |  0
|  44|0x0000000706800000, 0x0000000706800000, 0x0000000706a00000|  0%| F|  |TAMS 0x0000000706800000| PB 0x0000000706800000| Untracked |  0
|  45|0x0000000706a00000, 0x0000000706a00000, 0x0000000706c00000|  0%| F|  |TAMS 0x0000000706a00000| PB 0x0000000706a00000| Untracked |  0
|  46|0x0000000706c00000, 0x0000000706c00000, 0x0000000706e00000|  0%| F|  |TAMS 0x0000000706c00000| PB 0x0000000706c00000| Untracked |  0
|  47|0x0000000706e00000, 0x0000000706e00000, 0x0000000707000000|  0%| F|  |TAMS 0x0000000706e00000| PB 0x0000000706e00000| Untracked |  0
|  48|0x0000000707000000, 0x0000000707000000, 0x0000000707200000|  0%| F|  |TAMS 0x0000000707000000| PB 0x0000000707000000| Untracked |  0
|  49|0x0000000707200000, 0x0000000707200000, 0x0000000707400000|  0%| F|  |TAMS 0x0000000707200000| PB 0x0000000707200000| Untracked |  0
|  50|0x0000000707400000, 0x0000000707400000, 0x0000000707600000|  0%| F|  |TAMS 0x0000000707400000| PB 0x0000000707400000| Untracked |  0
|  51|0x0000000707600000, 0x0000000707600000, 0x0000000707800000|  0%| F|  |TAMS 0x0000000707600000| PB 0x0000000707600000| Untracked |  0
|  52|0x0000000707800000, 0x0000000707800000, 0x0000000707a00000|  0%| F|  |TAMS 0x0000000707800000| PB 0x0000000707800000| Untracked |  0
|  53|0x0000000707a00000, 0x0000000707a00000, 0x0000000707c00000|  0%| F|  |TAMS 0x0000000707a00000| PB 0x0000000707a00000| Untracked |  0
|  54|0x0000000707c00000, 0x0000000707c00000, 0x0000000707e00000|  0%| F|  |TAMS 0x0000000707c00000| PB 0x0000000707c00000| Untracked |  0
|  55|0x0000000707e00000, 0x0000000707e00000, 0x0000000708000000|  0%| F|  |TAMS 0x0000000707e00000| PB 0x0000000707e00000| Untracked |  0
|  56|0x0000000708000000, 0x0000000708000000, 0x0000000708200000|  0%| F|  |TAMS 0x0000000708000000| PB 0x0000000708000000| Untracked |  0
|  57|0x0000000708200000, 0x0000000708200000, 0x0000000708400000|  0%| F|  |TAMS 0x0000000708200000| PB 0x0000000708200000| Untracked |  0
|  58|0x0000000708400000, 0x0000000708400000, 0x0000000708600000|  0%| F|  |TAMS 0x0000000708400000| PB 0x0000000708400000| Untracked |  0
|  59|0x0000000708600000, 0x0000000708600000, 0x0000000708800000|  0%| F|  |TAMS 0x0000000708600000| PB 0x0000000708600000| Untracked |  0
|  60|0x0000000708800000, 0x0000000708800000, 0x0000000708a00000|  0%| F|  |TAMS 0x0000000708800000| PB 0x0000000708800000| Untracked |  0
|  61|0x0000000708a00000, 0x0000000708a00000, 0x0000000708c00000|  0%| F|  |TAMS 0x0000000708a00000| PB 0x0000000708a00000| Untracked |  0
|  62|0x0000000708c00000, 0x0000000708c00000, 0x0000000708e00000|  0%| F|  |TAMS 0x0000000708c00000| PB 0x0000000708c00000| Untracked |  0
|  63|0x0000000708e00000, 0x0000000708e00000, 0x0000000709000000|  0%| F|  |TAMS 0x0000000708e00000| PB 0x0000000708e00000| Untracked |  0
|  64|0x0000000709000000, 0x0000000709000000, 0x0000000709200000|  0%| F|  |TAMS 0x0000000709000000| PB 0x0000000709000000| Untracked |  0
|  65|0x0000000709200000, 0x0000000709200000, 0x0000000709400000|  0%| F|  |TAMS 0x0000000709200000| PB 0x0000000709200000| Untracked |  0
|  66|0x0000000709400000, 0x0000000709400000, 0x0000000709600000|  0%| F|  |TAMS 0x0000000709400000| PB 0x0000000709400000| Untracked |  0
|  67|0x0000000709600000, 0x0000000709600000, 0x0000000709800000|  0%| F|  |TAMS 0x0000000709600000| PB 0x0000000709600000| Untracked |  0
|  68|0x0000000709800000, 0x0000000709800000, 0x0000000709a00000|  0%| F|  |TAMS 0x0000000709800000| PB 0x0000000709800000| Untracked |  0
|  69|0x0000000709a00000, 0x0000000709a00000, 0x0000000709c00000|  0%| F|  |TAMS 0x0000000709a00000| PB 0x0000000709a00000| Untracked |  0
|  70|0x0000000709c00000, 0x0000000709c00000, 0x0000000709e00000|  0%| F|  |TAMS 0x0000000709c00000| PB 0x0000000709c00000| Untracked |  0
|  71|0x0000000709e00000, 0x0000000709e00000, 0x000000070a000000|  0%| F|  |TAMS 0x0000000709e00000| PB 0x0000000709e00000| Untracked |  0
|  72|0x000000070a000000, 0x000000070a000000, 0x000000070a200000|  0%| F|  |TAMS 0x000000070a000000| PB 0x000000070a000000| Untracked |  0
|  73|0x000000070a200000, 0x000000070a200000, 0x000000070a400000|  0%| F|  |TAMS 0x000000070a200000| PB 0x000000070a200000| Untracked |  0
|  74|0x000000070a400000, 0x000000070a400000, 0x000000070a600000|  0%| F|  |TAMS 0x000000070a400000| PB 0x000000070a400000| Untracked |  0
|  75|0x000000070a600000, 0x000000070a600000, 0x000000070a800000|  0%| F|  |TAMS 0x000000070a600000| PB 0x000000070a600000| Untracked |  0
|  76|0x000000070a800000, 0x000000070a800000, 0x000000070aa00000|  0%| F|  |TAMS 0x000000070a800000| PB 0x000000070a800000| Untracked |  0
|  77|0x000000070aa00000, 0x000000070aa00000, 0x000000070ac00000|  0%| F|  |TAMS 0x000000070aa00000| PB 0x000000070aa00000| Untracked |  0
|  78|0x000000070ac00000, 0x000000070ac00000, 0x000000070ae00000|  0%| F|  |TAMS 0x000000070ac00000| PB 0x000000070ac00000| Untracked |  0
|  79|0x000000070ae00000, 0x000000070ae00000, 0x000000070b000000|  0%| F|  |TAMS 0x000000070ae00000| PB 0x000000070ae00000| Untracked |  0
|  80|0x000000070b000000, 0x000000070b000000, 0x000000070b200000|  0%| F|  |TAMS 0x000000070b000000| PB 0x000000070b000000| Untracked |  0
|  81|0x000000070b200000, 0x000000070b200000, 0x000000070b400000|  0%| F|  |TAMS 0x000000070b200000| PB 0x000000070b200000| Untracked |  0
|  82|0x000000070b400000, 0x000000070b400000, 0x000000070b600000|  0%| F|  |TAMS 0x000000070b400000| PB 0x000000070b400000| Untracked |  0
|  83|0x000000070b600000, 0x000000070b600000, 0x000000070b800000|  0%| F|  |TAMS 0x000000070b600000| PB 0x000000070b600000| Untracked |  0
|  84|0x000000070b800000, 0x000000070b800000, 0x000000070ba00000|  0%| F|  |TAMS 0x000000070b800000| PB 0x000000070b800000| Untracked |  0
|  85|0x000000070ba00000, 0x000000070ba00000, 0x000000070bc00000|  0%| F|  |TAMS 0x000000070ba00000| PB 0x000000070ba00000| Untracked |  0
|  86|0x000000070bc00000, 0x000000070bc00000, 0x000000070be00000|  0%| F|  |TAMS 0x000000070bc00000| PB 0x000000070bc00000| Untracked |  0
|  87|0x000000070be00000, 0x000000070be00000, 0x000000070c000000|  0%| F|  |TAMS 0x000000070be00000| PB 0x000000070be00000| Untracked |  0
|  88|0x000000070c000000, 0x000000070c000000, 0x000000070c200000|  0%| F|  |TAMS 0x000000070c000000| PB 0x000000070c000000| Untracked |  0
|  89|0x000000070c200000, 0x000000070c200000, 0x000000070c400000|  0%| F|  |TAMS 0x000000070c200000| PB 0x000000070c200000| Untracked |  0
|  90|0x000000070c400000, 0x000000070c400000, 0x000000070c600000|  0%| F|  |TAMS 0x000000070c400000| PB 0x000000070c400000| Untracked |  0
|  91|0x000000070c600000, 0x000000070c600000, 0x000000070c800000|  0%| F|  |TAMS 0x000000070c600000| PB 0x000000070c600000| Untracked |  0
|  92|0x000000070c800000, 0x000000070c800000, 0x000000070ca00000|  0%| F|  |TAMS 0x000000070c800000| PB 0x000000070c800000| Untracked |  0
|  93|0x000000070ca00000, 0x000000070ca00000, 0x000000070cc00000|  0%| F|  |TAMS 0x000000070ca00000| PB 0x000000070ca00000| Untracked |  0
|  94|0x000000070cc00000, 0x000000070cc00000, 0x000000070ce00000|  0%| F|  |TAMS 0x000000070cc00000| PB 0x000000070cc00000| Untracked |  0
|  95|0x000000070ce00000, 0x000000070ce00000, 0x000000070d000000|  0%| F|  |TAMS 0x000000070ce00000| PB 0x000000070ce00000| Untracked |  0
|  96|0x000000070d000000, 0x000000070d000000, 0x000000070d200000|  0%| F|  |TAMS 0x000000070d000000| PB 0x000000070d000000| Untracked |  0
|  97|0x000000070d200000, 0x000000070d200000, 0x000000070d400000|  0%| F|  |TAMS 0x000000070d200000| PB 0x000000070d200000| Untracked |  0
|  98|0x000000070d400000, 0x000000070d400000, 0x000000070d600000|  0%| F|  |TAMS 0x000000070d400000| PB 0x000000070d400000| Untracked |  0
|  99|0x000000070d600000, 0x000000070d600000, 0x000000070d800000|  0%| F|  |TAMS 0x000000070d600000| PB 0x000000070d600000| Untracked |  0
| 100|0x000000070d800000, 0x000000070d800000, 0x000000070da00000|  0%| F|  |TAMS 0x000000070d800000| PB 0x000000070d800000| Untracked |  0
| 101|0x000000070da00000, 0x000000070da00000, 0x000000070dc00000|  0%| F|  |TAMS 0x000000070da00000| PB 0x000000070da00000| Untracked |  0
| 102|0x000000070dc00000, 0x000000070dc00000, 0x000000070de00000|  0%| F|  |TAMS 0x000000070dc00000| PB 0x000000070dc00000| Untracked |  0
| 103|0x000000070de00000, 0x000000070de00000, 0x000000070e000000|  0%| F|  |TAMS 0x000000070de00000| PB 0x000000070de00000| Untracked |  0
| 104|0x000000070e000000, 0x000000070e16d280, 0x000000070e200000| 71%| S|  |TAMS 0x000000070e000000| PB 0x000000070e000000| Complete |  0
| 105|0x000000070e200000, 0x000000070e400000, 0x000000070e400000|100%| S|  |TAMS 0x000000070e200000| PB 0x000000070e200000| Complete |  0
| 106|0x000000070e400000, 0x000000070e600000, 0x000000070e600000|100%| S|  |TAMS 0x000000070e400000| PB 0x000000070e400000| Complete |  0
| 107|0x000000070e600000, 0x000000070e71f050, 0x000000070e800000| 56%| E|CS|TAMS 0x000000070e600000| PB 0x000000070e600000| Complete |  0
| 108|0x000000070e800000, 0x000000070ea00000, 0x000000070ea00000|100%| E|CS|TAMS 0x000000070e800000| PB 0x000000070e800000| Complete |  0
| 109|0x000000070ea00000, 0x000000070ec00000, 0x000000070ec00000|100%| E|CS|TAMS 0x000000070ea00000| PB 0x000000070ea00000| Complete |  0
| 110|0x000000070ec00000, 0x000000070ee00000, 0x000000070ee00000|100%| E|CS|TAMS 0x000000070ec00000| PB 0x000000070ec00000| Complete |  0
| 111|0x000000070ee00000, 0x000000070f000000, 0x000000070f000000|100%| E|CS|TAMS 0x000000070ee00000| PB 0x000000070ee00000| Complete |  0
| 112|0x000000070f000000, 0x000000070f200000, 0x000000070f200000|100%| E|CS|TAMS 0x000000070f000000| PB 0x000000070f000000| Complete |  0
| 113|0x000000070f200000, 0x000000070f400000, 0x000000070f400000|100%| E|CS|TAMS 0x000000070f200000| PB 0x000000070f200000| Complete |  0
| 114|0x000000070f400000, 0x000000070f600000, 0x000000070f600000|100%| E|CS|TAMS 0x000000070f400000| PB 0x000000070f400000| Complete |  0
| 115|0x000000070f600000, 0x000000070f800000, 0x000000070f800000|100%| E|CS|TAMS 0x000000070f600000| PB 0x000000070f600000| Complete |  0
| 116|0x000000070f800000, 0x000000070fa00000, 0x000000070fa00000|100%| E|CS|TAMS 0x000000070f800000| PB 0x000000070f800000| Complete |  0
| 117|0x000000070fa00000, 0x000000070fc00000, 0x000000070fc00000|100%| E|CS|TAMS 0x000000070fa00000| PB 0x000000070fa00000| Complete |  0
| 118|0x000000070fc00000, 0x000000070fe00000, 0x000000070fe00000|100%| E|CS|TAMS 0x000000070fc00000| PB 0x000000070fc00000| Complete |  0
| 119|0x000000070fe00000, 0x0000000710000000, 0x0000000710000000|100%| E|CS|TAMS 0x000000070fe00000| PB 0x000000070fe00000| Complete |  0
| 120|0x0000000710000000, 0x0000000710200000, 0x0000000710200000|100%| E|CS|TAMS 0x0000000710000000| PB 0x0000000710000000| Complete |  0
| 121|0x0000000710200000, 0x0000000710400000, 0x0000000710400000|100%| E|CS|TAMS 0x0000000710200000| PB 0x0000000710200000| Complete |  0
| 122|0x0000000710400000, 0x0000000710600000, 0x0000000710600000|100%| E|CS|TAMS 0x0000000710400000| PB 0x0000000710400000| Complete |  0
| 123|0x0000000710600000, 0x0000000710800000, 0x0000000710800000|100%| E|CS|TAMS 0x0000000710600000| PB 0x0000000710600000| Complete |  0
| 124|0x0000000710800000, 0x0000000710a00000, 0x0000000710a00000|100%| E|CS|TAMS 0x0000000710800000| PB 0x0000000710800000| Complete |  0
| 125|0x0000000710a00000, 0x0000000710c00000, 0x0000000710c00000|100%| E|CS|TAMS 0x0000000710a00000| PB 0x0000000710a00000| Complete |  0
| 126|0x0000000710c00000, 0x0000000710e00000, 0x0000000710e00000|100%| E|CS|TAMS 0x0000000710c00000| PB 0x0000000710c00000| Complete |  0
| 127|0x0000000710e00000, 0x0000000711000000, 0x0000000711000000|100%| E|CS|TAMS 0x0000000710e00000| PB 0x0000000710e00000| Complete |  0

Card table byte_map: [0x000001c3a5460000,0x000001c3a5c60000] _byte_map_base: 0x000001c3a1c58000

Marking Bits: (CMBitMap*) 0x000001c3976de030
 Bits: [0x000001c3a5c60000, 0x000001c3a9c20000)

Polling page: 0x000001c3977b0000

Metaspace:

Usage:
  Non-class:     17.86 MB used.
      Class:      2.80 MB used.
       Both:     20.66 MB used.

Virtual space:
  Non-class space:       64.00 MB reserved,      18.06 MB ( 28%) committed,  1 nodes.
      Class space:        1.00 GB reserved,       2.94 MB ( <1%) committed,  1 nodes.
             Both:        1.06 GB reserved,      21.00 MB (  2%) committed. 

Chunk freelists:
   Non-Class:  13.62 MB
       Class:  12.89 MB
        Both:  26.52 MB

MaxMetaspaceSize: unlimited
CompressedClassSpaceSize: 1.00 GB
Initial GC threshold: 21.00 MB
Current GC threshold: 21.00 MB
CDS: on
 - commit_granule_bytes: 65536.
 - commit_granule_words: 8192.
 - virtual_space_node_default_size: 8388608.
 - enlarge_chunks_in_place: 1.
 - use_allocation_guard: 0.


Internal statistics:

num_allocs_failed_limit: 5.
num_arena_births: 404.
num_arena_deaths: 0.
num_vsnodes_births: 2.
num_vsnodes_deaths: 0.
num_space_committed: 336.
num_space_uncommitted: 0.
num_chunks_returned_to_freelist: 5.
num_chunks_taken_from_freelist: 982.
num_chunk_merges: 5.
num_chunk_splits: 689.
num_chunks_enlarged: 497.
num_inconsistent_stats: 0.

CodeCache: size=49152Kb used=7278Kb max_used=7278Kb free=41873Kb
 bounds [0x000001c3a1b50000, 0x000001c3a2270000, 0x000001c3a4b50000]
 total_blobs=3386 nmethods=2843 adapters=464
 compilation: enabled
              stopped_count=0, restarted_count=0
 full_count=0

Compilation events (20 events):
Event: 0.989 Thread 0x000001c3ac956470 2834       1       java.util.Arrays$ArrayList::iterator (12 bytes)
Event: 0.989 Thread 0x000001c3ac956de0 2835       1       java.util.Arrays$ArrayItr::<init> (10 bytes)
Event: 0.989 Thread 0x000001c3ac956de0 nmethod 2835 0x000001c3a2266890 code [0x000001c3a2266a20, 0x000001c3a2266b38]
Event: 0.989 Thread 0x000001c3ac956470 nmethod 2834 0x000001c3a2266b90 code [0x000001c3a2266d20, 0x000001c3a2266ea0]
Event: 0.991 Thread 0x000001c3ac956470 2836       1       java.lang.Character::isJavaIdentifierPart (5 bytes)
Event: 0.991 Thread 0x000001c3ac956470 nmethod 2836 0x000001c3a2266f10 code [0x000001c3a22670c0, 0x000001c3a22671c8]
Event: 0.991 Thread 0x000001c3ac956470 2837       1       java.lang.Package$VersionInfo::<init> (44 bytes)
Event: 0.991 Thread 0x000001c3ac956470 nmethod 2837 0x000001c3a2267290 code [0x000001c3a2267440, 0x000001c3a22677c8]
Event: 0.993 Thread 0x000001c3ac956de0 2838       1       java.lang.ClassLoader::getParent (32 bytes)
Event: 0.993 Thread 0x000001c3ac956de0 nmethod 2838 0x000001c3a2267d10 code [0x000001c3a2267ea0, 0x000001c3a2267fb0]
Event: 1.000 Thread 0x000001c3ac94f980 2839       1       java.lang.invoke.LambdaForm$MH/0x000001c3ae00a400::invoke (45 bytes)
Event: 1.000 Thread 0x000001c3ac94f980 nmethod 2839 0x000001c3a2268990 code [0x000001c3a2268b40, 0x000001c3a2268d28]
Event: 1.006 Thread 0x000001c3ac956de0 2840       1       java.lang.invoke.LambdaForm$MH/0x000001c3ae00c000::invoke (110 bytes)
Event: 1.006 Thread 0x000001c3ac94f980 2841       1       java.lang.invoke.LambdaForm$MH/0x000001c3ae00b800::invoke (46 bytes)
Event: 1.007 Thread 0x000001c3ac94f980 nmethod 2841 0x000001c3a2269390 code [0x000001c3a2269540, 0x000001c3a2269720]
Event: 1.007 Thread 0x000001c3ac956de0 nmethod 2840 0x000001c3a2269890 code [0x000001c3a2269aa0, 0x000001c3a2269e40]
Event: 1.008 Thread 0x000001c3ac956de0 2842       1       jdk.internal.reflect.Reflection::filter (165 bytes)
Event: 1.008 Thread 0x000001c3ac72fbe0 2843       1       java.lang.PublicMethods$MethodList::getMostSpecific (63 bytes)
Event: 1.008 Thread 0x000001c3ac72fbe0 nmethod 2843 0x000001c3a226ab90 code [0x000001c3a226ad40, 0x000001c3a226aee0]
Event: 1.008 Thread 0x000001c3ac956de0 nmethod 2842 0x000001c3a226b010 code [0x000001c3a226b240, 0x000001c3a226b790]

GC Heap History (5 events):
Event: 0.423 GC heap before
{Heap before GC invocations=0 (full 0):
 garbage-first heap   total reserved 4177920K, committed 262144K, used 22528K [0x0000000701000000, 0x0000000800000000)
  region size 2048K, 12 young (24576K), 0 survivors (0K)
 Metaspace       used 6685K, committed 6976K, reserved 1114112K
  class space    used 832K, committed 960K, reserved 1048576K
}
Event: 0.431 GC heap after
{Heap after GC invocations=1 (full 0):
 garbage-first heap   total reserved 4177920K, committed 262144K, used 7455K [0x0000000701000000, 0x0000000800000000)
  region size 2048K, 2 young (4096K), 2 survivors (4096K)
 Metaspace       used 6685K, committed 6976K, reserved 1114112K
  class space    used 832K, committed 960K, reserved 1048576K
}
Event: 0.787 GC heap before
{Heap before GC invocations=1 (full 0):
 garbage-first heap   total reserved 4177920K, committed 262144K, used 34079K [0x0000000701000000, 0x0000000800000000)
  region size 2048K, 16 young (32768K), 2 survivors (4096K)
 Metaspace       used 12875K, committed 13248K, reserved 1114112K
  class space    used 1771K, committed 1920K, reserved 1048576K
}
Event: 0.790 GC heap after
{Heap after GC invocations=2 (full 0):
 garbage-first heap   total reserved 4177920K, committed 262144K, used 9581K [0x0000000701000000, 0x0000000800000000)
  region size 2048K, 1 young (2048K), 1 survivors (2048K)
 Metaspace       used 12875K, committed 13248K, reserved 1114112K
  class space    used 1771K, committed 1920K, reserved 1048576K
}
Event: 1.019 GC heap before
{Heap before GC invocations=2 (full 0):
 garbage-first heap   total reserved 4177920K, committed 262144K, used 46445K [0x0000000701000000, 0x0000000800000000)
  region size 2048K, 21 young (43008K), 1 survivors (2048K)
 Metaspace       used 21154K, committed 21504K, reserved 1114112K
  class space    used 2869K, committed 3008K, reserved 1048576K
}

Dll operation events (11 events):
Event: 0.008 Loaded shared library C:\Users\trist\.jdks\openjdk-22\bin\java.dll
Event: 0.111 Loaded shared library C:\Users\trist\.jdks\openjdk-22\bin\zip.dll
Event: 0.114 Loaded shared library C:\Users\trist\.jdks\openjdk-22\bin\instrument.dll
Event: 0.119 Loaded shared library C:\Users\trist\.jdks\openjdk-22\bin\net.dll
Event: 0.121 Loaded shared library C:\Users\trist\.jdks\openjdk-22\bin\nio.dll
Event: 0.124 Loaded shared library C:\Users\trist\.jdks\openjdk-22\bin\zip.dll
Event: 0.162 Loaded shared library C:\Users\trist\.jdks\openjdk-22\bin\jimage.dll
Event: 0.187 Loaded shared library C:\Users\trist\AppData\Local\Programs\IntelliJ IDEA Ultimate\bin\breakgen64.dll
Event: 0.192 Loaded shared library C:\Users\trist\.jdks\openjdk-22\bin\extnet.dll
Event: 0.193 Loaded shared library C:\Users\trist\.jdks\openjdk-22\bin\management.dll
Event: 0.200 Loaded shared library C:\Users\trist\.jdks\openjdk-22\bin\management_ext.dll

Deoptimization events (0 events):
No events

Classes loaded (20 events):
Event: 0.959 Loading class java/util/concurrent/ConcurrentLinkedQueue$Node
Event: 0.959 Loading class java/util/concurrent/ConcurrentLinkedQueue$Node done
Event: 0.960 Loading class java/util/concurrent/atomic/AtomicLongArray
Event: 0.960 Loading class java/util/concurrent/atomic/AtomicLongArray done
Event: 0.960 Loading class java/lang/invoke/VarHandleLongs$Array
Event: 0.960 Loading class java/lang/invoke/VarHandleLongs$Array done
Event: 0.960 Loading class java/util/concurrent/atomic/AtomicReferenceArray
Event: 0.960 Loading class java/util/concurrent/atomic/AtomicReferenceArray done
Event: 0.960 Loading class java/lang/invoke/VarHandleReferences$Array
Event: 0.960 Loading class java/lang/invoke/VarHandleReferences$Array done
Event: 0.976 Loading class sun/text/resources/cldr/FormatData_en
Event: 0.976 Loading class sun/text/resources/cldr/FormatData_en done
Event: 0.976 Loading class sun/text/resources/cldr/FormatData_en_US
Event: 0.976 Loading class sun/text/resources/cldr/FormatData_en_US done
Event: 0.985 Loading class java/io/CharArrayReader
Event: 0.985 Loading class java/io/CharArrayReader done
Event: 1.001 Loading class javax/naming/ldap/LdapContext
Event: 1.001 Loading class javax/naming/directory/DirContext
Event: 1.001 Loading class javax/naming/directory/DirContext done
Event: 1.001 Loading class javax/naming/ldap/LdapContext done

Classes unloaded (0 events):
No events

Classes redefined (0 events):
No events

Internal exceptions (20 events):
Event: 0.675 Thread 0x000001c3f2478d80 Exception <a 'java/lang/NoSuchMethodError'{0x000000070ffc0ce8}: 'int java.lang.invoke.DirectMethodHandle$Holder.invokeVirtual(java.lang.Object, java.lang.Object)'> (0x000000070ffc0ce8) 
thrown [s\open\src\hotspot\share\interpreter\linkResolver.cpp, line 774]
Event: 0.683 Thread 0x000001c3f2478d80 Exception <a 'java/lang/NoSuchMethodError'{0x000000070fc51d50}: 'java.lang.Object java.lang.invoke.DirectMethodHandle$Holder.invokeSpecial(java.lang.Object, java.lang.Object, java.lang.Object, int, java.lang.Object)'> (0x000000070fc51d50) 
thrown [s\open\src\hotspot\share\interpreter\linkResolver.cpp, line 774]
Event: 0.683 Thread 0x000001c3f2478d80 Exception <a 'java/lang/NoSuchMethodError'{0x000000070fc596f8}: 'java.lang.Object java.lang.invoke.DirectMethodHandle$Holder.newInvokeSpecial(java.lang.Object, java.lang.Object, java.lang.Object, int, java.lang.Object)'> (0x000000070fc596f8) 
thrown [s\open\src\hotspot\share\interpreter\linkResolver.cpp, line 774]
Event: 0.684 Thread 0x000001c3f2478d80 Exception <a 'java/lang/NoSuchMethodError'{0x000000070fc60d18}: 'java.lang.Object java.lang.invoke.Invokers$Holder.linkToTargetMethod(java.lang.Object, java.lang.Object, int, java.lang.Object, java.lang.Object)'> (0x000000070fc60d18) 
thrown [s\open\src\hotspot\share\interpreter\linkResolver.cpp, line 774]
Event: 0.684 Thread 0x000001c3f2478d80 Exception <a 'java/lang/NoSuchMethodError'{0x000000070fc6e628}: 'java.lang.Object java.lang.invoke.DirectMethodHandle$Holder.newInvokeSpecial(java.lang.Object, int, java.lang.Object)'> (0x000000070fc6e628) 
thrown [s\open\src\hotspot\share\interpreter\linkResolver.cpp, line 774]
Event: 0.684 Thread 0x000001c3f2478d80 Exception <a 'java/lang/NoSuchMethodError'{0x000000070fc72668}: 'int java.lang.invoke.DirectMethodHandle$Holder.invokeSpecialIFC(java.lang.Object, java.lang.Object, java.lang.Object, java.lang.Object)'> (0x000000070fc72668) 
thrown [s\open\src\hotspot\share\interpreter\linkResolver.cpp, line 774]
Event: 0.695 Thread 0x000001c3f2478d80 Exception <a 'java/lang/NoSuchMethodError'{0x000000070fd41828}: 'void java.lang.invoke.DirectMethodHandle$Holder.invokeInterface(java.lang.Object, java.lang.Object, java.lang.Object)'> (0x000000070fd41828) 
thrown [s\open\src\hotspot\share\interpreter\linkResolver.cpp, line 774]
Event: 0.706 Thread 0x000001c3f2478d80 Exception <a 'java/lang/NoSuchMethodError'{0x000000070fdde0e8}: 'java.lang.Object java.lang.invoke.DirectMethodHandle$Holder.invokeVirtual(java.lang.Object, java.lang.Object, java.lang.Object)'> (0x000000070fdde0e8) 
thrown [s\open\src\hotspot\share\interpreter\linkResolver.cpp, line 774]
Event: 0.717 Thread 0x000001c3f2478d80 Exception <a 'java/lang/NoSuchMethodError'{0x000000070faa8568}: 'void java.lang.invoke.DirectMethodHandle$Holder.invokeStatic(java.lang.Object, java.lang.Object, int)'> (0x000000070faa8568) 
thrown [s\open\src\hotspot\share\interpreter\linkResolver.cpp, line 774]
Event: 0.719 Thread 0x000001c3f2478d80 Exception <a 'java/lang/NoSuchMethodError'{0x000000070fabc190}: 'void java.lang.invoke.DirectMethodHandle$Holder.invokeStaticInit(java.lang.Object, java.lang.Object, java.lang.Object)'> (0x000000070fabc190) 
thrown [s\open\src\hotspot\share\interpreter\linkResolver.cpp, line 774]
Event: 0.723 Thread 0x000001c3f2478d80 Exception <a 'java/lang/NoSuchMethodError'{0x000000070fb07498}: 'java.lang.Object java.lang.invoke.DirectMethodHandle$Holder.invokeStatic(java.lang.Object, long, java.lang.Object)'> (0x000000070fb07498) 
thrown [s\open\src\hotspot\share\interpreter\linkResolver.cpp, line 774]
Event: 0.723 Thread 0x000001c3f2478d80 Exception <a 'java/lang/NoSuchMethodError'{0x000000070fb0ab20}: 'java.lang.Object java.lang.invoke.DirectMethodHandle$Holder.invokeStaticInit(java.lang.Object, long, java.lang.Object)'> (0x000000070fb0ab20) 
thrown [s\open\src\hotspot\share\interpreter\linkResolver.cpp, line 774]
Event: 0.723 Thread 0x000001c3f2478d80 Exception <a 'java/lang/NoSuchMethodError'{0x000000070fb103a8}: 'java.lang.Object java.lang.invoke.DirectMethodHandle$Holder.newInvokeSpecial(java.lang.Object, long)'> (0x000000070fb103a8) 
thrown [s\open\src\hotspot\share\interpreter\linkResolver.cpp, line 774]
Event: 0.730 Thread 0x000001c3f2478d80 Exception <a 'java/lang/NoSuchMethodError'{0x000000070fb6c948}: 'void java.lang.invoke.DirectMethodHandle$Holder.invokeVirtual(java.lang.Object, java.lang.Object, java.lang.Object, java.lang.Object)'> (0x000000070fb6c948) 
thrown [s\open\src\hotspot\share\interpreter\linkResolver.cpp, line 774]
Event: 0.754 Thread 0x000001c3f2478d80 Exception <a 'java/lang/IncompatibleClassChangeError'{0x000000070f8e6438}: Found class java.lang.Object, but interface was expected> (0x000000070f8e6438) 
thrown [s\open\src\hotspot\share\interpreter\linkResolver.cpp, line 841]
Event: 0.804 Thread 0x000001c3f2478d80 Exception <a 'java/lang/NoSuchMethodError'{0x0000000710c7b370}: 'java.lang.Object java.lang.invoke.DirectMethodHandle$Holder.invokeStatic(java.lang.Object, int, java.lang.Object)'> (0x0000000710c7b370) 
thrown [s\open\src\hotspot\share\interpreter\linkResolver.cpp, line 774]
Event: 0.822 Thread 0x000001c3ac71d190 Exception <a 'java/lang/NoSuchMethodError'{0x0000000710aeab98}: 'long java.lang.invoke.DirectMethodHandle$Holder.invokeVirtual(java.lang.Object, java.lang.Object)'> (0x0000000710aeab98) 
thrown [s\open\src\hotspot\share\interpreter\linkResolver.cpp, line 774]
Event: 0.822 Thread 0x000001c3ac71d190 Exception <a 'java/lang/NoSuchMethodError'{0x0000000710aee178}: 'long java.lang.invoke.DelegatingMethodHandle$Holder.reinvoke_L(java.lang.Object, java.lang.Object)'> (0x0000000710aee178) 
thrown [s\open\src\hotspot\share\interpreter\linkResolver.cpp, line 774]
Event: 0.882 Thread 0x000001c3f2478d80 Exception <a 'java/lang/NoSuchMethodError'{0x00000007101c6368}: 'int java.lang.invoke.DirectMethodHandle$Holder.invokeSpecial(java.lang.Object, java.lang.Object, java.lang.Object, java.lang.Object, java.lang.Object)'> (0x00000007101c6368) 
thrown [s\open\src\hotspot\share\interpreter\linkResolver.cpp, line 774]
Event: 0.883 Thread 0x000001c3f2478d80 Exception <a 'java/lang/NoSuchMethodError'{0x00000007101ce410}: 'void java.lang.invoke.DirectMethodHandle$Holder.invokeVirtual(java.lang.Object, java.lang.Object)'> (0x00000007101ce410) 
thrown [s\open\src\hotspot\share\interpreter\linkResolver.cpp, line 774]

ZGC Phase Switch (0 events):
No events

VM Operations (20 events):
Event: 0.416 Executing VM operation: ICBufferFull done
Event: 0.423 Executing VM operation: G1CollectForAllocation (G1 Evacuation Pause)
Event: 0.431 Executing VM operation: G1CollectForAllocation (G1 Evacuation Pause) done
Event: 0.575 Executing VM operation: HandshakeAllThreads (Deoptimize)
Event: 0.575 Executing VM operation: HandshakeAllThreads (Deoptimize) done
Event: 0.673 Executing VM operation: HandshakeAllThreads (Deoptimize)
Event: 0.673 Executing VM operation: HandshakeAllThreads (Deoptimize) done
Event: 0.689 Executing VM operation: ICBufferFull
Event: 0.690 Executing VM operation: ICBufferFull done
Event: 0.746 Executing VM operation: HandshakeAllThreads (Deoptimize)
Event: 0.746 Executing VM operation: HandshakeAllThreads (Deoptimize) done
Event: 0.749 Executing VM operation: HandshakeAllThreads (Deoptimize)
Event: 0.749 Executing VM operation: HandshakeAllThreads (Deoptimize) done
Event: 0.787 Executing VM operation: G1CollectForAllocation (G1 Evacuation Pause)
Event: 0.790 Executing VM operation: G1CollectForAllocation (G1 Evacuation Pause) done
Event: 0.852 Executing VM operation: HandshakeAllThreads (Deoptimize)
Event: 0.852 Executing VM operation: HandshakeAllThreads (Deoptimize) done
Event: 0.873 Executing VM operation: HandshakeAllThreads (Deoptimize)
Event: 0.873 Executing VM operation: HandshakeAllThreads (Deoptimize) done
Event: 1.019 Executing VM operation: CollectForMetadataAllocation (Metadata GC Threshold)

Events (20 events):
Event: 0.035 Thread 0x000001c3ac710690 Thread added: 0x000001c3ac710690
Event: 0.035 Thread 0x000001c3ac718430 Thread added: 0x000001c3ac718430
Event: 0.036 Thread 0x000001c3ac71f260 Thread added: 0x000001c3ac71f260
Event: 0.036 Thread 0x000001c3ac71deb0 Thread added: 0x000001c3ac71deb0
Event: 0.036 Thread 0x000001c3ac71f8f0 Thread added: 0x000001c3ac71f8f0
Event: 0.036 Thread 0x000001c3ac72fbe0 Thread added: 0x000001c3ac72fbe0
Event: 0.095 Thread 0x000001c3ac71d820 Thread added: 0x000001c3ac71d820
Event: 0.105 Thread 0x000001c3ac94f980 Thread added: 0x000001c3ac94f980
Event: 0.106 Thread 0x000001c3ac956470 Thread added: 0x000001c3ac956470
Event: 0.107 Thread 0x000001c3ac956de0 Thread added: 0x000001c3ac956de0
Event: 0.188 Thread 0x000001c3ac71ff80 Thread added: 0x000001c3ac71ff80
Event: 0.188 Thread 0x000001c3ac71cb00 Thread added: 0x000001c3ac71cb00
Event: 0.348 Thread 0x000001c3ac71e540 Thread added: 0x000001c3ac71e540
Event: 0.361 Thread 0x000001c3ac71d190 Thread added: 0x000001c3ac71d190
Event: 0.377 Thread 0x000001c3ac71ebd0 Thread added: 0x000001c3ac71ebd0
Event: 0.383 Thread 0x000001c3f247eff0 Thread added: 0x000001c3f247eff0
Event: 0.541 Thread 0x000001c3f247a130 Thread added: 0x000001c3f247a130
Event: 0.543 Thread 0x000001c3f2478d80 Thread added: 0x000001c3f2478d80
Event: 0.753 Thread 0x000001c3f247ae50 Thread added: 0x000001c3f247ae50
Event: 0.986 Thread 0x000001c3f2478060 Thread added: 0x000001c3f2478060


Dynamic libraries:
0x00007ff6ac4c0000 - 0x00007ff6ac4ce000 	C:\Users\trist\.jdks\openjdk-22\bin\java.exe
0x00007ffcfbcb0000 - 0x00007ffcfbea8000 	C:\Windows\SYSTEM32\ntdll.dll
0x00007ffcc54e0000 - 0x00007ffcc54fa000 	C:\Program Files\Avast Software\Avast\aswhook.dll
0x00007ffcfb910000 - 0x00007ffcfb9d1000 	C:\Windows\System32\KERNEL32.DLL
0x00007ffcf95a0000 - 0x00007ffcf989d000 	C:\Windows\System32\KERNELBASE.dll
0x00007ffcf9360000 - 0x00007ffcf9460000 	C:\Windows\System32\ucrtbase.dll
0x00007ffcf4890000 - 0x00007ffcf48ab000 	C:\Users\trist\.jdks\openjdk-22\bin\VCRUNTIME140.dll
0x00007ffcf38b0000 - 0x00007ffcf38c7000 	C:\Users\trist\.jdks\openjdk-22\bin\jli.dll
0x00007ffcfb010000 - 0x00007ffcfb1ad000 	C:\Windows\System32\USER32.dll
0x00007ffce8880000 - 0x00007ffce8b1a000 	C:\Windows\WinSxS\amd64_microsoft.windows.common-controls_6595b64144ccf1df_6.0.19041.4355_none_60b8b9eb71f62e16\COMCTL32.dll
0x00007ffcf9570000 - 0x00007ffcf9592000 	C:\Windows\System32\win32u.dll
0x00007ffcfb7e0000 - 0x00007ffcfb87e000 	C:\Windows\System32\msvcrt.dll
0x00007ffcfa170000 - 0x00007ffcfa19b000 	C:\Windows\System32\GDI32.dll
0x00007ffcf9b10000 - 0x00007ffcf9c27000 	C:\Windows\System32\gdi32full.dll
0x00007ffcf9460000 - 0x00007ffcf94fd000 	C:\Windows\System32\msvcp_win.dll
0x00007ffcf9df0000 - 0x00007ffcf9e1f000 	C:\Windows\System32\IMM32.DLL
0x00007ffcf5a70000 - 0x00007ffcf5a7c000 	C:\Users\trist\.jdks\openjdk-22\bin\vcruntime140_1.dll
0x00007ffcdbb90000 - 0x00007ffcdbc1e000 	C:\Users\trist\.jdks\openjdk-22\bin\msvcp140.dll
0x00007ffc61f50000 - 0x00007ffc62c98000 	C:\Users\trist\.jdks\openjdk-22\bin\server\jvm.dll
0x00007ffcfbbc0000 - 0x00007ffcfbc70000 	C:\Windows\System32\ADVAPI32.dll
0x00007ffcfb6d0000 - 0x00007ffcfb770000 	C:\Windows\System32\sechost.dll
0x00007ffcf9e20000 - 0x00007ffcf9f43000 	C:\Windows\System32\RPCRT4.dll
0x00007ffcf9930000 - 0x00007ffcf9957000 	C:\Windows\System32\bcrypt.dll
0x00007ffcfb770000 - 0x00007ffcfb7db000 	C:\Windows\System32\WS2_32.dll
0x00007ffcf91b0000 - 0x00007ffcf91fb000 	C:\Windows\SYSTEM32\POWRPROF.dll
0x00007ffceef30000 - 0x00007ffceef57000 	C:\Windows\SYSTEM32\WINMM.dll
0x00007ffcf2750000 - 0x00007ffcf275a000 	C:\Windows\SYSTEM32\VERSION.dll
0x00007ffcf9190000 - 0x00007ffcf91a2000 	C:\Windows\SYSTEM32\UMPDC.dll
0x00007ffcf71c0000 - 0x00007ffcf71d2000 	C:\Windows\SYSTEM32\kernel.appcore.dll
0x00007ffcf38a0000 - 0x00007ffcf38aa000 	C:\Users\trist\.jdks\openjdk-22\bin\jimage.dll
0x00007ffce7370000 - 0x00007ffce7554000 	C:\Windows\SYSTEM32\DBGHELP.DLL
0x00007ffce7c20000 - 0x00007ffce7c54000 	C:\Windows\SYSTEM32\dbgcore.DLL
0x00007ffcf98a0000 - 0x00007ffcf9922000 	C:\Windows\System32\bcryptPrimitives.dll
0x00007ffcf3870000 - 0x00007ffcf387f000 	C:\Users\trist\.jdks\openjdk-22\bin\instrument.dll
0x00007ffcf3880000 - 0x00007ffcf389e000 	C:\Users\trist\.jdks\openjdk-22\bin\java.dll
0x00007ffcfa630000 - 0x00007ffcfad9f000 	C:\Windows\System32\SHELL32.dll
0x00007ffcfaee0000 - 0x00007ffcfb00b000 	C:\Windows\System32\ole32.dll
0x00007ffcfa2c0000 - 0x00007ffcfa613000 	C:\Windows\System32\combase.dll
0x00007ffcf73c0000 - 0x00007ffcf7b5f000 	C:\Windows\SYSTEM32\windows.storage.dll
0x00007ffcf8c90000 - 0x00007ffcf8cbe000 	C:\Windows\SYSTEM32\Wldp.dll
0x00007ffcfb9e0000 - 0x00007ffcfbaad000 	C:\Windows\System32\OLEAUT32.dll
0x00007ffcfbab0000 - 0x00007ffcfbb5d000 	C:\Windows\System32\SHCORE.dll
0x00007ffcf9ce0000 - 0x00007ffcf9d35000 	C:\Windows\System32\shlwapi.dll
0x00007ffcf9290000 - 0x00007ffcf92b4000 	C:\Windows\SYSTEM32\profapi.dll
0x00007ffcdbb70000 - 0x00007ffcdbb87000 	C:\Users\trist\.jdks\openjdk-22\bin\zip.dll
0x00007ffceb650000 - 0x00007ffceb660000 	C:\Users\trist\.jdks\openjdk-22\bin\net.dll
0x00007ffcf89b0000 - 0x00007ffcf8a1a000 	C:\Windows\system32\mswsock.dll
0x00007ffceb630000 - 0x00007ffceb646000 	C:\Users\trist\.jdks\openjdk-22\bin\nio.dll
0x00007ffcf86f0000 - 0x00007ffcf87ba000 	C:\Windows\SYSTEM32\DNSAPI.dll
0x00007ffcf86b0000 - 0x00007ffcf86eb000 	C:\Windows\SYSTEM32\IPHLPAPI.DLL
0x00007ffcfb6a0000 - 0x00007ffcfb6a8000 	C:\Windows\System32\NSI.dll
0x00007ffcd9f60000 - 0x00007ffcd9f6a000 	C:\Windows\System32\rasadhlp.dll
0x00007ffcdbb50000 - 0x00007ffcdbb6a000 	C:\Users\trist\AppData\Local\Programs\IntelliJ IDEA Ultimate\bin\breakgen64.dll
0x00007ffceff90000 - 0x00007ffcf0010000 	C:\Windows\System32\fwpuclnt.dll
0x00007ffceb620000 - 0x00007ffceb629000 	C:\Users\trist\.jdks\openjdk-22\bin\extnet.dll
0x00007ffcdbb40000 - 0x00007ffcdbb4a000 	C:\Users\trist\.jdks\openjdk-22\bin\management.dll
0x00007ffcdbb30000 - 0x00007ffcdbb3b000 	C:\Users\trist\.jdks\openjdk-22\bin\management_ext.dll
0x00007ffcfa620000 - 0x00007ffcfa628000 	C:\Windows\System32\PSAPI.DLL
0x00007ffcf8b90000 - 0x00007ffcf8ba8000 	C:\Windows\SYSTEM32\CRYPTSP.dll
0x00007ffcf82f0000 - 0x00007ffcf8324000 	C:\Windows\system32\rsaenh.dll
0x00007ffcf9240000 - 0x00007ffcf926e000 	C:\Windows\SYSTEM32\USERENV.dll
0x00007ffcf8b50000 - 0x00007ffcf8b5c000 	C:\Windows\SYSTEM32\CRYPTBASE.dll
0x00007ffcc95b0000 - 0x00007ffcc95c7000 	C:\Windows\system32\napinsp.dll
0x00007ffcc94b0000 - 0x00007ffcc94cb000 	C:\Windows\system32\pnrpnsp.dll
0x00007ffcdb510000 - 0x00007ffcdb525000 	C:\Windows\system32\wshbth.dll
0x00007ffcf5860000 - 0x00007ffcf587d000 	C:\Windows\system32\NLAapi.dll
0x00007ffcc9490000 - 0x00007ffcc94a2000 	C:\Windows\System32\winrnr.dll
0x00007ffcd1e40000 - 0x00007ffcd1e93000 	C:\Windows\SYSTEM32\pdh.dll
0x00007ffcf4800000 - 0x00007ffcf4865000 	C:\Windows\system32\mscoree.dll
0x00007ffcf42f0000 - 0x00007ffcf438b000 	C:\Windows\Microsoft.NET\Framework64\v4.0.30319\mscoreei.dll
0x00007ffcafdd0000 - 0x00007ffcafdf5000 	C:\Windows\Microsoft.NET\Framework64\v4.0.30319\CorperfmonExt.dll
0x00007ffcf48f0000 - 0x00007ffcf4904000 	C:\Windows\SYSTEM32\WTSAPI32.dll
0x00007ffcf47d0000 - 0x00007ffcf47eb000 	C:\Windows\SYSTEM32\VCRUNTIME140_CLR0400.dll
0x00007ffcf4220000 - 0x00007ffcf42ed000 	C:\Windows\SYSTEM32\ucrtbase_clr0400.dll
0x00007ffcf47f0000 - 0x00007ffcf47fc000 	C:\Windows\SYSTEM32\VCRUNTIME140_1_CLR0400.dll
0x00007ffcdb0b0000 - 0x00007ffcdb0c5000 	C:\Windows\system32\msscntrs.dll
0x00007ffcda250000 - 0x00007ffcda25a000 	C:\Windows\System32\rasctrs.dll
0x00007ffcd24c0000 - 0x00007ffcd24f4000 	C:\Windows\SYSTEM32\rasman.dll
0x00007ffcce320000 - 0x00007ffcce328000 	C:\Windows\System32\tapiperf.dll
0x00007ffcce310000 - 0x00007ffcce318000 	C:\Windows\system32\usbperf.dll
0x00007ffccbf70000 - 0x00007ffccbf7f000 	C:\Windows\System32\perfproc.dll
0x00007ffcce670000 - 0x00007ffcce67f000 	C:\Windows\System32\perfos.dll

dbghelp: loaded successfully - version: 4.0.5 - missing functions: none
symbol engine: initialized successfully - sym options: 0x614 - pdb path: .;C:\Users\trist\.jdks\openjdk-22\bin;C:\Windows\SYSTEM32;C:\Program Files\Avast Software\Avast;C:\Windows\WinSxS\amd64_microsoft.windows.common-controls_6595b64144ccf1df_6.0.19041.4355_none_60b8b9eb71f62e16;C:\Users\trist\.jdks\openjdk-22\bin\server;C:\Users\trist\AppData\Local\Programs\IntelliJ IDEA Ultimate\bin;C:\Windows\Microsoft.NET\Framework64\v4.0.30319

VM Arguments:
jvm_args: -XX:TieredStopAtLevel=1 -Dspring.output.ansi.enabled=always -Dcom.sun.management.jmxremote -Dspring.jmx.enabled=true -Dspring.liveBeansView.mbeanDomain -Dspring.application.admin.enabled=true -Dmanagement.endpoints.jmx.exposure.include=* -javaagent:C:\Users\trist\AppData\Local\Programs\IntelliJ IDEA Ultimate\lib\idea_rt.jar=58944:C:\Users\trist\AppData\Local\Programs\IntelliJ IDEA Ultimate\bin -Dfile.encoding=UTF-8 -Dsun.stdout.encoding=UTF-8 -Dsun.stderr.encoding=UTF-8 
java_command: com.example.apiformatech.ApiFormatechApplication
java_class_path (initial): D:\Documents\JAVA\API-FORMATECH\API-FORMATECH\target\classes;C:\Users\trist\.m2\repository\org\springframework\boot\spring-boot-starter\3.3.4\spring-boot-starter-3.3.4.jar;C:\Users\trist\.m2\repository\org\springframework\boot\spring-boot\3.3.4\spring-boot-3.3.4.jar;C:\Users\trist\.m2\repository\org\springframework\spring-context\6.1.13\spring-context-6.1.13.jar;C:\Users\trist\.m2\repository\org\springframework\boot\spring-boot-autoconfigure\3.3.4\spring-boot-autoconfigure-3.3.4.jar;C:\Users\trist\.m2\repository\org\springframework\boot\spring-boot-starter-logging\3.3.4\spring-boot-starter-logging-3.3.4.jar;C:\Users\trist\.m2\repository\ch\qos\logback\logback-classic\1.5.8\logback-classic-1.5.8.jar;C:\Users\trist\.m2\repository\ch\qos\logback\logback-core\1.5.8\logback-core-1.5.8.jar;C:\Users\trist\.m2\repository\org\apache\logging\log4j\log4j-to-slf4j\2.23.1\log4j-to-slf4j-2.23.1.jar;C:\Users\trist\.m2\repository\org\apache\logging\log4j\log4j-api\2.23.1\log4j-api-2.23.1.jar;C:\Users\trist\.m2\repository\org\slf4j\jul-to-slf4j\2.0.16\jul-to-slf4j-2.0.16.jar;C:\Users\trist\.m2\repository\jakarta\annotation\jakarta.annotation-api\2.1.1\jakarta.annotation-api-2.1.1.jar;C:\Users\trist\.m2\repository\org\springframework\spring-core\6.1.13\spring-core-6.1.13.jar;C:\Users\trist\.m2\repository\org\springframework\spring-jcl\6.1.13\spring-jcl-6.1.13.jar;C:\Users\trist\.m2\repository\org\yaml\snakeyaml\2.2\snakeyaml-2.2.jar;C:\Users\trist\.m2\repository\org\slf4j\slf4j-api\2.0.16\slf4j-api-2.0.16.jar;C:\Users\trist\.m2\repository\jakarta\xml\bind\jakarta.xml.bind-api\4.0.2\jakarta.xml.bind-api-4.0.2.jar;C:\Users\trist\.m2\repository\jakarta\activation\jakarta.activation-api\2.1.3\jakarta.activation-api-2.1.3.jar;C:\Users\trist\.m2\repository\net\bytebuddy\byte-buddy\1.14.19\byte-buddy-1.14.19.jar;C:\Users\trist\.m2\repository\org\springframework\boot\spring-boot-starter-data-jpa\3.3.4\spring-boot-starter-data-jpa-3.3.4.jar;C:\Users\trist\.m2\repository\org\springframework\boot\spring-boot-starter-aop\3.3.4\spring-boot-starter-aop-3.3.4.jar;C:\Users\trist\.m2\repository\org\aspectj\aspectjweaver\1.9.22.1\aspectjweaver-1.9.22.1.jar;C:\Users\trist\.m2\repository\org\springframework\boot\spring-boot-starter-jdbc\3.3.4\spring-boot-starter-jdbc-3.3.4.jar;C:\Users\trist\.m2\repository\com\zaxxer\HikariCP\5.1.0\HikariCP-5.1.0.jar;C:\Users\trist\.m2\repository\org\springframework\spring-jdbc\6.1.13\spring-jdbc-6.1.13.jar;C:\Users\trist\.m2\repository\org\hibernate\orm\hibernate-core\6.5.3.Final\hibernate-core-6.5.3.Final.jar;C:\Users\trist\.m2\repository\jakarta\persistence\jakarta.persistence-api\3.1.0\jakarta.persistence-api-3.1.0.jar;C:\Users\trist\.m2\repository\jakarta\transaction\jakarta.transaction-api\2.0.1\jakarta.transaction-api-2.0.1.jar;C:\Users\trist\.m2\repository\org\jboss\logging\jboss-logging\3.5.3.Final\jboss-logging-3.5.3.Final.jar;C:\Users\trist\.m2\repository\org\hibernate\common\hibernate-commons-annotations\6.0.6.Final\hibernate-commons-annotations-6.0.6.Final.jar;C:\Users\trist\.m2\repository\io\smallrye\jandex\3.1.2\jandex-3.1.2.jar;C:\Users\trist\.m2\repository\com\fasterxml\classmate\1.7.0\classmate-1.7.0.jar;C:\Users\trist\.m2\repository\org\glassfish\jaxb\jaxb-runtime\4.0.5\jaxb-runtime-4.0.5.jar;C:\Users\trist\.m2\repository\org\glassfish\jaxb\jaxb-core\4.0.5\jaxb-core-4.0.5.jar;C:\Users\trist\.m2\repository\org\eclipse\angus\angus-activation\2.0.2\angus-activation-2.0.2.jar;C:\Users\trist\.m2\repository\org\glassfish\jaxb\txw2\4.0.5\txw2-4.0.5.jar;C:\Users\trist\.m2\repository\com\sun\istack\istack-commons-runtime\4.1.2\istack-commons-runtime-4.1.2.jar;C:\Users\trist\.m2\repository\jakarta\inject\jakarta.inject-api\2.0.1\jakarta.inject-api-2.0.1.jar;C:\Users\trist\.m2\repository\org\antlr\antlr4-runtime\4.13.0\antlr4-runtime-4.13.0.jar;C:\Users\trist\.m2\repository\org\springframework\data\spring-data-jpa\3.3.4\spring-data-jpa-3.3.4.jar;C:\Users\trist\.m2\repository\org\springframework\data\spring-data-commons\3.3.4\spring-data-commons-3.3.4.jar;C:\Users\trist\.m2\repository\org\springframework\spring-orm\6.1.13\spring-orm-6.1.13.jar;C:\Users\trist\.m2\repository\org\springframework\spring-tx\6.1.13\spring-tx-6.1.13.jar;C:\Users\trist\.m2\repository\org\springframework\spring-beans\6.1.13\spring-beans-6.1.13.jar;C:\Users\trist\.m2\repository\org\springframework\spring-aspects\6.1.13\spring-aspects-6.1.13.jar;C:\Users\trist\.m2\repository\org\springframework\boot\spring-boot-devtools\3.3.4\spring-boot-devtools-3.3.4.jar;C:\Users\trist\.m2\repository\com\mysql\mysql-connector-j\8.3.0\mysql-connector-j-8.3.0.jar;C:\Users\trist\.m2\repository\org\springframework\boot\spring-boot-starter-web\3.3.4\spring-boot-starter-web-3.3.4.jar;C:\Users\trist\.m2\repository\org\springframework\boot\spring-boot-starter-json\3.3.4\spring-boot-starter-json-3.3.4.jar;C:\Users\trist\.m2\repository\com\fasterxml\jackson\datatype\jackson-datatype-jdk8\2.17.2\jackson-datatype-jdk8-2.17.2.jar;C:\Users\trist\.m2\repository\com\fasterxml\jackson\datatype\jackson-datatype-jsr310\2.17.2\jackson-datatype-jsr310-2.17.2.jar;C:\Users\trist\.m2\repository\com\fasterxml\jackson\module\jackson-module-parameter-names\2.17.2\jackson-module-parameter-names-2.17.2.jar;C:\Users\trist\.m2\repository\org\springframework\boot\spring-boot-starter-tomcat\3.3.4\spring-boot-starter-tomcat-3.3.4.jar;C:\Users\trist\.m2\repository\org\apache\tomcat\embed\tomcat-embed-core\10.1.30\tomcat-embed-core-10.1.30.jar;C:\Users\trist\.m2\repository\org\apache\tomcat\embed\tomcat-embed-websocket\10.1.30\tomcat-embed-websocket-10.1.30.jar;C:\Users\trist\.m2\repository\org\springframework\spring-web\6.1.13\spring-web-6.1.13.jar;C:\Users\trist\.m2\repository\io\micrometer\micrometer-observation\1.13.4\micrometer-observation-1.13.4.jar;C:\Users\trist\.m2\repository\io\micrometer\micrometer-commons\1.13.4\micrometer-commons-1.13.4.jar;C:\Users\trist\.m2\repository\org\springframework\spring-webmvc\6.1.13\spring-webmvc-6.1.13.jar;C:\Users\trist\.m2\repository\org\springframework\spring-expression\6.1.13\spring-expression-6.1.13.jar;C:\Users\trist\.m2\repository\org\springframework\boot\spring-boot-starter-security\3.3.4\spring-boot-starter-security-3.3.4.jar;C:\Users\trist\.m2\repository\org\springframework\spring-aop\6.1.13\spring-aop-6.1.13.jar;C:\Users\trist\.m2\repository\org\springframework\security\spring-security-config\6.3.3\spring-security-config-6.3.3.jar;C:\Users\trist\.m2\repository\org\springframework\security\spring-security-web\6.3.3\spring-security-web-6.3.3.jar;C:\Users\trist\.m2\repository\org\springframework\security\spring-security-core\6.3.3\spring-security-core-6.3.3.jar;C:\Users\trist\.m2\repository\org\springframework\security\spring-security-crypto\6.3.3\spring-security-crypto-6.3.3.jar;C:\Users\trist\.m2\repository\org\springframework\boot\spring-boot-starter-validation\3.3.4\spring-boot-starter-validation-3.3.4.jar;C:\Users\trist\.m2\repository\org\apache\tomcat\embed\tomcat-embed-el\10.1.30\tomcat-embed-el-10.1.30.jar;C:\Users\trist\.m2\repository\org\hibernate\validator\hibernate-validator\8.0.1.Final\hibernate-validator-8.0.1.Final.jar;C:\Users\trist\.m2\repository\jakarta\validation\jakarta.validation-api\3.0.2\jakarta.validation-api-3.0.2.jar;C:\Users\trist\.m2\repository\io\jsonwebtoken\jjwt-api\0.11.5\jjwt-api-0.11.5.jar;C:\Users\trist\.m2\repository\io\jsonwebtoken\jjwt-impl\0.11.5\jjwt-impl-0.11.5.jar;C:\Users\trist\.m2\repository\io\jsonwebtoken\jjwt-jackson\0.11.5\jjwt-jackson-0.11.5.jar;C:\Users\trist\.m2\repository\com\fasterxml\jackson\core\jackson-databind\2.17.2\jackson-databind-2.17.2.jar;C:\Users\trist\.m2\repository\com\fasterxml\jackson\core\jackson-annotations\2.17.2\jackson-annotations-2.17.2.jar;C:\Users\trist\.m2\repository\com\fasterxml\jackson\core\jackson-core\2.17.2\jackson-core-2.17.2.jar;C:\Users\trist\.m2\repository\org\projectlombok\lombok\1.18.34\lombok-1.18.34.jar
Launcher Type: SUN_STANDARD

[Global flags]
     intx CICompilerCount                          = 4                                         {product} {ergonomic}
     uint ConcGCThreads                            = 2                                         {product} {ergonomic}
     uint G1ConcRefinementThreads                  = 8                                         {product} {ergonomic}
   size_t G1HeapRegionSize                         = 2097152                                   {product} {ergonomic}
   size_t InitialHeapSize                          = 268435456                                 {product} {ergonomic}
     bool ManagementServer                         = true                                      {product} {command line}
   size_t MarkStackSize                            = 4194304                                   {product} {ergonomic}
   size_t MaxHeapSize                              = 4278190080                                {product} {ergonomic}
   size_t MaxNewSize                               = 2566914048                                {product} {ergonomic}
   size_t MinHeapDeltaBytes                        = 2097152                                   {product} {ergonomic}
   size_t MinHeapSize                              = 8388608                                   {product} {ergonomic}
    uintx NonNMethodCodeHeapSize                   = 4096                                   {pd product} {ergonomic}
    uintx NonProfiledCodeHeapSize                  = 0                                      {pd product} {ergonomic}
     bool ProfileInterpreter                       = false                                  {pd product} {command line}
    uintx ProfiledCodeHeapSize                     = 0                                      {pd product} {ergonomic}
   size_t SoftMaxHeapSize                          = 4278190080                             {manageable} {ergonomic}
     intx TieredStopAtLevel                        = 1                                         {product} {command line}
     bool UseCompressedOops                        = true                           {product lp64_product} {ergonomic}
     bool UseG1GC                                  = true                                      {product} {ergonomic}
     bool UseLargePagesIndividualAllocation        = false                                  {pd product} {ergonomic}

Logging:
Log output configuration:
 #0: stdout all=warning uptime,level,tags foldmultilines=false
 #1: stderr all=off uptime,level,tags foldmultilines=false

Environment Variables:
PATH=C:\Program Files\Common Files\Oracle\Java\javapath;C:\Program Files (x86)\Common Files\Oracle\Java\java8path;C:\Program Files (x86)\Common Files\Oracle\Java\javapath;C:\Python312\Scripts\;C:\Python312\;C:\Windows\system32;C:\Windows;C:\Windows\System32\Wbem;C:\Windows\System32\WindowsPowerShell\v1.0\;C:\Windows\System32\OpenSSH\;D:\Git\cmd;C:\Program Files (x86)\NVIDIA Corporation\PhysX\Common;C:\Program Files\dotnet\;C:\ProgramData\chocolatey\bin;D:\WAMPserver\bin\php\php8.2.18;C:\ProgramData\ComposerSetup\bin;C:\Program Files\NVIDIA Corporation\NVIDIA app\NvDLISR;D:\PUTTY\;C:\Program Files\Docker\Docker\resources\bin;C:\Users\trist\AppData\Roaming\nvm;C:\Program Files\nodejs;C:\Users\trist\AppData\Local\pnpm;C:\Users\trist\.local\share\solana\install\active_release\bin;C:\Users\trist\AppData\Local\Programs\Microsoft VS Code\bin
USERNAME=trist
OS=Windows_NT
PROCESSOR_IDENTIFIER=Intel64 Family 6 Model 158 Stepping 13, GenuineIntel
TMP=C:\Users\trist\AppData\Local\Temp
TEMP=C:\Users\trist\AppData\Local\Temp




Periodic native trim disabled

---------------  S Y S T E M  ---------------

OS:
 Windows 10 , 64 bit Build 19041 (10.0.19041.4717)
OS uptime: 0 days 5:10 hours
Hyper-V role detected

CPU: total 8 (initial active 8) (8 cores per cpu, 1 threads per core) family 6 model 158 stepping 13 microcode 0xd6, cx8, cmov, fxsr, mmx, 3dnowpref, sse, sse2, sse3, ssse3, sse4.1, sse4.2, popcnt, lzcnt, tsc, tscinvbit, avx, avx2, aes, erms, clmul, bmi1, bmi2, adx, fma, vzeroupper, clflush, clflushopt, hv, rdtscp, f16c
Processor Information for all 8 processors :
  Max Mhz: 3600, Current Mhz: 3600, Mhz Limit: 3600

Memory: 4k page, system-wide physical 16318M (3573M free)
TotalPageFile size 29630M (AvailPageFile size 7340M)
current process WorkingSet (physical memory assigned to process): 142M, peak: 142M
current process commit charge ("private bytes"): 388M, peak: 388M

vm_info: OpenJDK 64-Bit Server VM (22+36-2370) for windows-amd64 JRE (22+36-2370), built on 2024-02-15T22:15:19Z by "mach5one" with MS VC++ 17.6 (VS2022)

END.
